dpt: Auto-detected specification file examples/interp_tests/global_args.json
dpt: Simulating...
dpt: Using random seed: 0

t=0: Handling packet event in(1,1,1,1) at switch 0, port 0
t=600: Handling event update_arr_ctr_arr1_ctr1(1,1) at switch 0, port 196
t=10000: Handling packet event in(1,1,1,2) at switch 0, port 0
t=10600: Handling event update_arr_ctr_arr1_ctr1(1,2) at switch 0, port 196
t=20000: Handling packet event in(1,2,2,3) at switch 0, port 0
t=20600: Handling event update_arr_ctr_arr1_ctr2(2,3) at switch 0, port 196
t=30000: Handling packet event in(1,1,3,4) at switch 0, port 0
t=30600: Handling event update_arr_ctr_arr1_ctr1(3,4) at switch 0, port 196
t=40000: Handling packet event in(2,1,1,5) at switch 0, port 0
t=40600: Handling event update_arr_ctr_arr2_ctr1(1,5) at switch 0, port 196
t=50000: Handling packet event in(5,1,1,6) at switch 0, port 0
Invalid array or counter id
t=50600: Handling event bad_inputs(5,1) at switch 0, port 196
t=60000: Handling packet event in(3,2,2,7) at switch 0, port 0
t=60600: Handling event update_arr_ctr_arr3_ctr2(2,7) at switch 0, port 196
t=70000: Handling packet event in(3,2,3,8) at switch 0, port 0
t=70600: Handling event update_arr_ctr_arr3_ctr2(3,8) at switch 0, port 196
t=80000: Handling packet event in(3,7,3,9) at switch 0, port 0
Invalid array or counter id
t=80600: Handling event bad_inputs(3,7) at switch 0, port 196
dpt: Final State:

Switch 0 : {

 Pipeline : [
    arr1(0) : [0u32; 2u32; 3u32; 4u32; 0u32; 0u32]
    arr2(1) : [0u32; 5u32; 0u32; 0u32; 0u32; 0u32]
    ctr1(2) : [12u32]
    arr3(3) : [0u32; 0u32; 7u32; 8u32; 0u32; 0u32]
    ctr2(4) : [18u32]
  ]

 Events :   [ ]

 Exits :    [ ]

 Drops :    [ ]

 packet events handled: 9
 total events handled: 18

}
