dpt: Auto-detected specification file examples/interp_tests/operators.json
dpt: Simulating...
dpt: Using random seed: 0

t=0: Handling event in(0,0) at switch 0, port 0
i < j: false. i > j: false. i <= j: true. i >= j: true. i == j: true. i != j: false
i + j = 0. i - j = 0. i |-| j = 0. i & j = 0. i | j = 0. i << j = 0. i >> j = 0. i ^ j = 0
i[7:0] = 0. i[4:2] = 0. i[5:3] = 0. i[0:0] = 0
t=1000: Handling event in(1,0) at switch 0, port 0
i < j: false. i > j: true. i <= j: false. i >= j: true. i == j: false. i != j: true
i + j = 1. i - j = 1. i |-| j = 1. i & j = 0. i | j = 1. i << j = 1. i >> j = 1. i ^ j = 256
i[7:0] = 1. i[4:2] = 0. i[5:3] = 0. i[0:0] = 1
t=2000: Handling event in(0,1) at switch 0, port 0
i < j: true. i > j: false. i <= j: true. i >= j: false. i == j: false. i != j: true
i + j = 1. i - j = 255. i |-| j = 0. i & j = 0. i | j = 1. i << j = 0. i >> j = 0. i ^ j = 1
i[7:0] = 0. i[4:2] = 0. i[5:3] = 0. i[0:0] = 0
t=3000: Handling event in(30,15) at switch 0, port 0
i < j: false. i > j: true. i <= j: false. i >= j: true. i == j: false. i != j: true
i + j = 45. i - j = 15. i |-| j = 15. i & j = 14. i | j = 31. i << j = 0. i >> j = 0. i ^ j = 7695
i[7:0] = 30. i[4:2] = 7. i[5:3] = 3. i[0:0] = 0
t=4000: Handling event in(63,1) at switch 0, port 0
i < j: false. i > j: true. i <= j: false. i >= j: true. i == j: false. i != j: true
i + j = 64. i - j = 62. i |-| j = 62. i & j = 1. i | j = 63. i << j = 126. i >> j = 31. i ^ j = 16129
i[7:0] = 63. i[4:2] = 7. i[5:3] = 7. i[0:0] = 1
t=5000: Handling event in(63,2) at switch 0, port 0
i < j: false. i > j: true. i <= j: false. i >= j: true. i == j: false. i != j: true
i + j = 65. i - j = 61. i |-| j = 61. i & j = 2. i | j = 63. i << j = 252. i >> j = 15. i ^ j = 16130
i[7:0] = 63. i[4:2] = 7. i[5:3] = 7. i[0:0] = 1
t=6000: Handling event in(63,3) at switch 0, port 0
i < j: false. i > j: true. i <= j: false. i >= j: true. i == j: false. i != j: true
i + j = 66. i - j = 60. i |-| j = 60. i & j = 3. i | j = 63. i << j = 248. i >> j = 7. i ^ j = 16131
i[7:0] = 63. i[4:2] = 7. i[5:3] = 7. i[0:0] = 1
t=7000: Handling event in(63,20) at switch 0, port 0
i < j: false. i > j: true. i <= j: false. i >= j: true. i == j: false. i != j: true
i + j = 83. i - j = 43. i |-| j = 43. i & j = 20. i | j = 63. i << j = 0. i >> j = 0. i ^ j = 16148
i[7:0] = 63. i[4:2] = 7. i[5:3] = 7. i[0:0] = 1
dpt: Final State:

Switch 0 : {

 Pipeline : [ ]

 Events :   [ ]

 Exits :    [ ]

 packet events handled: 0
 total events handled: 8

}
