dpt: Parsing ...
dpt: Auto-detected specification file examples/interp_tests/pairarrays.json
dpt: Simulating...
dpt: Using random seed: 0

t=0: Handling event in(0,2,7) at switch 0, port 0
18, 18, 3
t=1000: Handling event in(1,1,2) at switch 0, port 0
13, 13, 2
t=2000: Handling event in(2,4,1) at switch 0, port 0
0, 0, 4
t=3000: Handling event in(3,30,15) at switch 0, port 0
0, 0, 30
t=4000: Handling event in(1,63,1) at switch 0, port 0
0, 0, 67
t=5000: Handling event in(2,63,2) at switch 0, port 0
0, 0, 65
t=6000: Handling event in(3,63,3) at switch 0, port 0
0, 0, 65
t=7000: Handling event in(0,63,20) at switch 0, port 0
0, 0, 72
dpt: Final State:

Switch 0 : {

 Pipeline : [
    0 : [(4u16, 64u16); (4u16, 64u16); (4u16, 67u16); (4u16, 93u16)]
    1 : [(4u8, 64u8); (4u8, 64u8); (4u8, 67u8); (4u8, 93u8)]
    2 : [29u16; 5u16; 4u16; 4u16]
  ]

 Events :   [ ]

 Exits :    [ ]

 entry events handled: 0
 total events handled: 8

}
dpt: Done
