dpt: Auto-detected specification file examples/apps/quicbit/quicbit4.json
dpt: Simulating...
dpt: Using random seed: 1

t=0: Handling event quic_packet_alt(1,1,false,1691858541) at switch 0, port 0
t=1: Handling event quic_packet_alt(1,1,false,1691858552) at switch 0, port 0
t=2: Handling event quic_packet_alt(1,1,false,1691858553) at switch 0, port 0
t=3: Handling event quic_packet_alt(1,1,false,1691858554) at switch 0, port 0
t=4: Handling event quic_packet_alt(1,1,false,1691858556) at switch 0, port 0
t=5: Handling event quic_packet_alt(1,1,false,1691858570) at switch 0, port 0
t=6: Handling event quic_packet_alt(1,1,true,1691858570) at switch 0, port 0
RTT for conversation 3 (spinbit true): 0 ms
t=7: Handling event quic_packet_alt(1,1,true,1691858570) at switch 0, port 0
RTT for conversation 3 (spinbit true): 0 ms
t=8: Handling event quic_packet_alt(1,1,false,1691858574) at switch 0, port 0
RTT for conversation 3 (spinbit true): 4 ms
t=9: Handling event quic_packet_alt(1,1,false,1691858576) at switch 0, port 0
RTT for conversation 3 (spinbit true): 6 ms
t=10: Handling event quic_packet_alt(1,1,false,1691864540) at switch 0, port 0
RTT for conversation 3 (spinbit true): 5970 ms
t=11: Handling event quic_packet_alt(1,1,false,1691864550) at switch 0, port 0
RTT for conversation 3 (spinbit true): 5980 ms
t=12: Handling event quic_packet_alt(1,1,true,1691864551) at switch 0, port 0
RTT for conversation 3 (spinbit true): 1 ms
t=13: Handling event quic_packet_alt(1,1,true,1691864552) at switch 0, port 0
RTT for conversation 3 (spinbit true): 2 ms
t=14: Handling event quic_packet_alt(1,1,true,1691864553) at switch 0, port 0
RTT for conversation 3 (spinbit true): 3 ms
t=15: Handling event quic_packet_alt(1,1,true,1691864553) at switch 0, port 0
RTT for conversation 3 (spinbit true): 3 ms
t=16: Handling event quic_packet_alt(1,1,true,1691864554) at switch 0, port 0
RTT for conversation 3 (spinbit true): 4 ms
t=17: Handling event quic_packet_alt(1,1,true,1691864555) at switch 0, port 0
RTT for conversation 3 (spinbit true): 5 ms
t=18: Handling event quic_packet_alt(1,1,false,1691867558) at switch 0, port 0
RTT for conversation 3 (spinbit true): 3003 ms
t=19: Handling event quic_packet_alt(1,1,false,1691867569) at switch 0, port 0
RTT for conversation 3 (spinbit true): 3014 ms
t=20: Handling event quic_packet_alt(1,1,true,1691867571) at switch 0, port 0
RTT for conversation 3 (spinbit true): 2 ms
t=21: Handling event quic_packet_alt(1,1,true,1691867589) at switch 0, port 0
RTT for conversation 3 (spinbit true): 20 ms
t=22: Handling event quic_packet_alt(1,1,false,1691867589) at switch 0, port 0
RTT for conversation 3 (spinbit true): 0 ms
t=23: Handling event quic_packet_alt(1,1,true,1691867592) at switch 0, port 0
RTT for conversation 3 (spinbit true): 3 ms
t=24: Handling event quic_packet_alt(1,1,true,1691867592) at switch 0, port 0
RTT for conversation 3 (spinbit true): 3 ms
t=25: Handling event quic_packet_alt(1,1,true,1691867605) at switch 0, port 0
RTT for conversation 3 (spinbit true): 16 ms
t=26: Handling event quic_packet_alt(1,1,true,1691867605) at switch 0, port 0
RTT for conversation 3 (spinbit true): 16 ms
t=27: Handling event quic_packet_alt(1,1,false,1691867606) at switch 0, port 0
RTT for conversation 3 (spinbit true): 1 ms
t=28: Handling event quic_packet_alt(1,1,false,1691867607) at switch 0, port 0
RTT for conversation 3 (spinbit true): 2 ms
t=29: Handling event quic_packet_alt(1,1,true,1691867608) at switch 0, port 0
RTT for conversation 3 (spinbit true): 1 ms
t=30: Handling event quic_packet_alt(1,1,false,1691867608) at switch 0, port 0
RTT for conversation 3 (spinbit true): 0 ms
dpt: Final State:

Switch 0 : {

 Pipeline : [
    last_timestamp_true(0) : [0u32; 0u32; 0u32; 1691867608u32; 0u32; 0u32; 0u32; 0u32; 0u32; 0u32; 0u32; 0u32; 0u32; 0u32; 0u32; 0u32; 0u32; 0u32; 0u32; 0u32; 0u32; 0u32; 0u32; 0u32; 0u32; 0u32; 0u32; 0u32; 0u32; 0u32; 0u32; 0u32; 0u32; 0u32; 0u32; 0u32; 0u32; 0u32; 0u32; 0u32; 0u32; 0u32; 0u32; 0u32; 0u32; 0u32; 0u32; 0u32; 0u32; 0u32; 0u32; 0u32; 0u32; 0u32; 0u32; 0u32; 0u32; 0u32; 0u32; 0u32; 0u32; 0u32; 0u32; 0u32; 0u32; 0u32; 0u32; 0u32; 0u32; 0u32; 0u32; 0u32; 0u32; 0u32; 0u32; 0u32; 0u32; 0u32; 0u32; 0u32; 0u32; 0u32; 0u32; 0u32; 0u32; 0u32; 0u32; 0u32; 0u32; 0u32; 0u32; 0u32; 0u32; 0u32; 0u32; 0u32; 0u32; 0u32; 0u32; 0u32; 0u32; 0u32; 0u32; 0u32; 0u32; 0u32; 0u32; 0u32; 0u32; 0u32; 0u32; 0u32; 0u32; 0u32; 0u32; 0u32; 0u32; 0u32; 0u32; 0u32; 0u32; 0u32; 0u32; 0u32; 0u32; 0u32; 0u32; 0u32; 0u32; 0u32; 0u32; 0u32; 0u32; 0u32; 0u32; 0u32; 0u32; 0u32; 0u32; 0u32; 0u32; 0u32; 0u32; 0u32; 0u32; 0u32; 0u32; 0u32; 0u32; 0u32; 0u32; 0u32; 0u32; 0u32; 0u32; 0u32; 0u32; 0u32; 0u32; 0u32; 0u32; 0u32; 0u32; 0u32; 0u32; 0u32; 0u32; 0u32; 0u32; 0u32; 0u32; 0u32; 0u32; 0u32; 0u32; 0u32; 0u32; 0u32; 0u32; 0u32; 0u32; 0u32; 0u32; 0u32; 0u32; 0u32; 0u32; 0u32; 0u32; 0u32; 0u32; 0u32; 0u32; 0u32; 0u32; 0u32; 0u32; 0u32; 0u32; 0u32; 0u32; 0u32; 0u32; 0u32; 0u32; 0u32; 0u32; 0u32; 0u32; 0u32; 0u32; 0u32; 0u32; 0u32; 0u32; 0u32; 0u32; 0u32; 0u32; 0u32; 0u32; 0u32; 0u32; 0u32; 0u32; 0u32; 0u32; 0u32; 0u32; 0u32; 0u32; 0u32; 0u32; 0u32; 0u32; 0u32; 0u32; 0u32; 0u32; 0u32; 0u32; 0u32; 0u32; 0u32; 0u32; 0u32; 0u32; 0u32; 0u32; 0u32; 0u32; 0u32; 0u32; 0u32; 0u32; 0u32; 0u32; 0u32; 0u32; 0u32; 0u32; 0u32; 0u32; 0u32; 0u32; 0u32; 0u32; 0u32; 0u32; 0u32; 0u32; 0u32; 0u32; 0u32; 0u32; 0u32; 0u32; 0u32; 0u32; 0u32; 0u32; 0u32; 0u32; 0u32; 0u32; 0u32; 0u32; 0u32; 0u32; 0u32; 0u32; 0u32; 0u32; 0u32; 0u32; 0u32; 0u32; 0u32; 0u32; 0u32; 0u32; 0u32; 0u32; 0u32; 0u32; 0u32; 0u32; 0u32; 0u32; 0u32; 0u32; 0u32; 0u32; 0u32; 0u32; 0u32; 0u32; 0u32; 0u32; 0u32; 0u32; 0u32; 0u32; 0u32; 0u32; 0u32; 0u32; 0u32; 0u32; 0u32; 0u32; 0u32; 0u32; 0u32; 0u32; 0u32; 0u32; 0u32; 0u32; 0u32; 0u32; 0u32; 0u32; 0u32; 0u32; 0u32; 0u32; 0u32; 0u32; 0u32; 0u32; 0u32; 0u32; 0u32; 0u32; 0u32; 0u32; 0u32; 0u32; 0u32; 0u32; 0u32; 0u32; 0u32; 0u32; 0u32; 0u32; 0u32; 0u32; 0u32; 0u32; 0u32; 0u32; 0u32; 0u32; 0u32; 0u32; 0u32; 0u32; 0u32; 0u32; 0u32; 0u32; 0u32; 0u32; 0u32; 0u32; 0u32; 0u32; 0u32; 0u32; 0u32; 0u32; 0u32; 0u32; 0u32; 0u32; 0u32; 0u32; 0u32; 0u32; 0u32; 0u32; 0u32; 0u32; 0u32; 0u32; 0u32; 0u32; 0u32; 0u32; 0u32; 0u32; 0u32; 0u32; 0u32; 0u32; 0u32; 0u32; 0u32; 0u32; 0u32; 0u32; 0u32; 0u32; 0u32; 0u32; 0u32; 0u32; 0u32; 0u32; 0u32; 0u32; 0u32; 0u32; 0u32; 0u32; 0u32; 0u32; 0u32; 0u32; 0u32; 0u32; 0u32; 0u32; 0u32; 0u32; 0u32; 0u32; 0u32; 0u32; 0u32; 0u32; 0u32; 0u32; 0u32; 0u32; 0u32; 0u32; 0u32; 0u32; 0u32; 0u32; 0u32; 0u32; 0u32; 0u32; 0u32; 0u32; 0u32; 0u32; 0u32; 0u32; 0u32; 0u32; 0u32; 0u32; 0u32; 0u32; 0u32; 0u32; 0u32; 0u32; 0u32; 0u32; 0u32; 0u32; 0u32; 0u32; 0u32; 0u32; 0u32; 0u32; 0u32; 0u32; 0u32; 0u32; 0u32; 0u32; 0u32; 0u32; 0u32; 0u32; 0u32; 0u32; 0u32; 0u32; 0u32; 0u32; 0u32; 0u32; 0u32; 0u32; 0u32; 0u32; 0u32; 0u32; 0u32; 0u32; 0u32; 0u32; 0u32; 0u32; 0u32; 0u32; 0u32; 0u32; 0u32; 0u32; 0u32; 0u32; 0u32; 0u32; 0u32; 0u32; 0u32; 0u32; 0u32; 0u32; 0u32; 0u32; 0u32; 0u32; 0u32; 0u32; 0u32; 0u32; 0u32; 0u32; 0u32; 0u32; 0u32; 0u32; 0u32; 0u32; 0u32; 0u32; 0u32; 0u32; 0u32; 0u32; 0u32; 0u32; 0u32; 0u32; 0u32; 0u32; 0u32; 0u32; 0u32; 0u32; 0u32; 0u32; 0u32; 0u32; 0u32; 0u32; 0u32; 0u32; 0u32; 0u32; 0u32; 0u32; 0u32; 0u32; 0u32; 0u32; 0u32; 0u32; 0u32; 0u32; 0u32; 0u32; 0u32; 0u32; 0u32; 0u32; 0u32; 0u32; 0u32; 0u32; 0u32; 0u32; 0u32; 0u32; 0u32; 0u32; 0u32; 0u32; 0u32; 0u32; 0u32; 0u32; 0u32; 0u32; 0u32; 0u32; 0u32; 0u32; 0u32; 0u32; 0u32; 0u32; 0u32; 0u32; 0u32; 0u32; 0u32; 0u32; 0u32; 0u32; 0u32; 0u32; 0u32; 0u32; 0u32; 0u32; 0u32; 0u32; 0u32; 0u32; 0u32; 0u32; 0u32; 0u32; 0u32; 0u32; 0u32; 0u32; 0u32; 0u32; 0u32; 0u32; 0u32; 0u32; 0u32; 0u32; 0u32; 0u32; 0u32; 0u32; 0u32; 0u32; 0u32; 0u32; 0u32; 0u32; 0u32; 0u32; 0u32; 0u32; 0u32; 0u32; 0u32; 0u32; 0u32; 0u32; 0u32; 0u32; 0u32; 0u32; 0u32; 0u32; 0u32; 0u32; 0u32; 0u32; 0u32; 0u32; 0u32; 0u32; 0u32; 0u32; 0u32; 0u32; 0u32; 0u32; 0u32; 0u32; 0u32; 0u32; 0u32; 0u32; 0u32; 0u32; 0u32; 0u32; 0u32; 0u32; 0u32; 0u32; 0u32; 0u32; 0u32; 0u32; 0u32; 0u32; 0u32; 0u32; 0u32; 0u32; 0u32; 0u32; 0u32; 0u32; 0u32; 0u32; 0u32; 0u32; 0u32; 0u32; 0u32; 0u32; 0u32; 0u32; 0u32; 0u32; 0u32; 0u32; 0u32; 0u32; 0u32; 0u32; 0u32; 0u32; 0u32; 0u32; 0u32; 0u32; 0u32; 0u32; 0u32; 0u32; 0u32; 0u32; 0u32; 0u32; 0u32; 0u32; 0u32; 0u32; 0u32; 0u32; 0u32; 0u32; 0u32; 0u32; 0u32; 0u32; 0u32; 0u32; 0u32; 0u32; 0u32; 0u32; 0u32; 0u32; 0u32; 0u32; 0u32; 0u32; 0u32; 0u32; 0u32; 0u32; 0u32; 0u32; 0u32; 0u32; 0u32; 0u32; 0u32; 0u32; 0u32; 0u32; 0u32; 0u32; 0u32; 0u32; 0u32; 0u32; 0u32; 0u32; 0u32; 0u32; 0u32; 0u32; 0u32; 0u32; 0u32; 0u32; 0u32; 0u32; 0u32; 0u32; 0u32; 0u32; 0u32; 0u32; 0u32; 0u32; 0u32; 0u32; 0u32; 0u32; 0u32; 0u32; 0u32; 0u32; 0u32; 0u32; 0u32; 0u32; 0u32; 0u32; 0u32; 0u32; 0u32; 0u32; 0u32; 0u32; 0u32; 0u32; 0u32; 0u32; 0u32; 0u32; 0u32; 0u32; 0u32; 0u32; 0u32; 0u32; 0u32; 0u32; 0u32; 0u32; 0u32; 0u32; 0u32; 0u32; 0u32; 0u32; 0u32; 0u32; 0u32; 0u32; 0u32; 0u32; 0u32; 0u32; 0u32; 0u32; 0u32; 0u32; 0u32; 0u32; 0u32; 0u32; 0u32; 0u32; 0u32; 0u32; 0u32; 0u32; 0u32; 0u32; 0u32; 0u32; 0u32; 0u32; 0u32; 0u32; 0u32; 0u32; 0u32; 0u32; 0u32; 0u32; 0u32; 0u32; 0u32; 0u32; 0u32; 0u32; 0u32; 0u32; 0u32; 0u32; 0u32; 0u32; 0u32; 0u32; 0u32; 0u32; 0u32; 0u32; 0u32; 0u32; 0u32; 0u32; 0u32; 0u32; 0u32; 0u32; 0u32; 0u32; 0u32; 0u32; 0u32; 0u32; 0u32; 0u32; 0u32; 0u32; 0u32; 0u32; 0u32; 0u32; 0u32; 0u32; 0u32; 0u32; 0u32; 0u32; 0u32; 0u32; 0u32; 0u32; 0u32; 0u32; 0u32; 0u32; 0u32; 0u32; 0u32; 0u32; 0u32; 0u32; 0u32; 0u32; 0u32; 0u32; 0u32; 0u32; 0u32; 0u32; 0u32; 0u32; 0u32; 0u32; 0u32; 0u32; 0u32; 0u32; 0u32; 0u32; 0u32; 0u32; 0u32; 0u32; 0u32; 0u32; 0u32; 0u32; 0u32; 0u32; 0u32; 0u32; 0u32; 0u32; 0u32; 0u32; 0u32; 0u32; 0u32; 0u32; 0u32; 0u32; 0u32; 0u32; 0u32; 0u32; 0u32; 0u32; 0u32; 0u32; 0u32; 0u32; 0u32; 0u32; 0u32; 0u32; 0u32; 0u32; 0u32; 0u32; 0u32; 0u32; 0u32; 0u32; 0u32; 0u32; 0u32]
    last_timestamp_false(1) : [0u32; 0u32; 0u32; 1691867608u32; 0u32; 0u32; 0u32; 0u32; 0u32; 0u32; 0u32; 0u32; 0u32; 0u32; 0u32; 0u32; 0u32; 0u32; 0u32; 0u32; 0u32; 0u32; 0u32; 0u32; 0u32; 0u32; 0u32; 0u32; 0u32; 0u32; 0u32; 0u32; 0u32; 0u32; 0u32; 0u32; 0u32; 0u32; 0u32; 0u32; 0u32; 0u32; 0u32; 0u32; 0u32; 0u32; 0u32; 0u32; 0u32; 0u32; 0u32; 0u32; 0u32; 0u32; 0u32; 0u32; 0u32; 0u32; 0u32; 0u32; 0u32; 0u32; 0u32; 0u32; 0u32; 0u32; 0u32; 0u32; 0u32; 0u32; 0u32; 0u32; 0u32; 0u32; 0u32; 0u32; 0u32; 0u32; 0u32; 0u32; 0u32; 0u32; 0u32; 0u32; 0u32; 0u32; 0u32; 0u32; 0u32; 0u32; 0u32; 0u32; 0u32; 0u32; 0u32; 0u32; 0u32; 0u32; 0u32; 0u32; 0u32; 0u32; 0u32; 0u32; 0u32; 0u32; 0u32; 0u32; 0u32; 0u32; 0u32; 0u32; 0u32; 0u32; 0u32; 0u32; 0u32; 0u32; 0u32; 0u32; 0u32; 0u32; 0u32; 0u32; 0u32; 0u32; 0u32; 0u32; 0u32; 0u32; 0u32; 0u32; 0u32; 0u32; 0u32; 0u32; 0u32; 0u32; 0u32; 0u32; 0u32; 0u32; 0u32; 0u32; 0u32; 0u32; 0u32; 0u32; 0u32; 0u32; 0u32; 0u32; 0u32; 0u32; 0u32; 0u32; 0u32; 0u32; 0u32; 0u32; 0u32; 0u32; 0u32; 0u32; 0u32; 0u32; 0u32; 0u32; 0u32; 0u32; 0u32; 0u32; 0u32; 0u32; 0u32; 0u32; 0u32; 0u32; 0u32; 0u32; 0u32; 0u32; 0u32; 0u32; 0u32; 0u32; 0u32; 0u32; 0u32; 0u32; 0u32; 0u32; 0u32; 0u32; 0u32; 0u32; 0u32; 0u32; 0u32; 0u32; 0u32; 0u32; 0u32; 0u32; 0u32; 0u32; 0u32; 0u32; 0u32; 0u32; 0u32; 0u32; 0u32; 0u32; 0u32; 0u32; 0u32; 0u32; 0u32; 0u32; 0u32; 0u32; 0u32; 0u32; 0u32; 0u32; 0u32; 0u32; 0u32; 0u32; 0u32; 0u32; 0u32; 0u32; 0u32; 0u32; 0u32; 0u32; 0u32; 0u32; 0u32; 0u32; 0u32; 0u32; 0u32; 0u32; 0u32; 0u32; 0u32; 0u32; 0u32; 0u32; 0u32; 0u32; 0u32; 0u32; 0u32; 0u32; 0u32; 0u32; 0u32; 0u32; 0u32; 0u32; 0u32; 0u32; 0u32; 0u32; 0u32; 0u32; 0u32; 0u32; 0u32; 0u32; 0u32; 0u32; 0u32; 0u32; 0u32; 0u32; 0u32; 0u32; 0u32; 0u32; 0u32; 0u32; 0u32; 0u32; 0u32; 0u32; 0u32; 0u32; 0u32; 0u32; 0u32; 0u32; 0u32; 0u32; 0u32; 0u32; 0u32; 0u32; 0u32; 0u32; 0u32; 0u32; 0u32; 0u32; 0u32; 0u32; 0u32; 0u32; 0u32; 0u32; 0u32; 0u32; 0u32; 0u32; 0u32; 0u32; 0u32; 0u32; 0u32; 0u32; 0u32; 0u32; 0u32; 0u32; 0u32; 0u32; 0u32; 0u32; 0u32; 0u32; 0u32; 0u32; 0u32; 0u32; 0u32; 0u32; 0u32; 0u32; 0u32; 0u32; 0u32; 0u32; 0u32; 0u32; 0u32; 0u32; 0u32; 0u32; 0u32; 0u32; 0u32; 0u32; 0u32; 0u32; 0u32; 0u32; 0u32; 0u32; 0u32; 0u32; 0u32; 0u32; 0u32; 0u32; 0u32; 0u32; 0u32; 0u32; 0u32; 0u32; 0u32; 0u32; 0u32; 0u32; 0u32; 0u32; 0u32; 0u32; 0u32; 0u32; 0u32; 0u32; 0u32; 0u32; 0u32; 0u32; 0u32; 0u32; 0u32; 0u32; 0u32; 0u32; 0u32; 0u32; 0u32; 0u32; 0u32; 0u32; 0u32; 0u32; 0u32; 0u32; 0u32; 0u32; 0u32; 0u32; 0u32; 0u32; 0u32; 0u32; 0u32; 0u32; 0u32; 0u32; 0u32; 0u32; 0u32; 0u32; 0u32; 0u32; 0u32; 0u32; 0u32; 0u32; 0u32; 0u32; 0u32; 0u32; 0u32; 0u32; 0u32; 0u32; 0u32; 0u32; 0u32; 0u32; 0u32; 0u32; 0u32; 0u32; 0u32; 0u32; 0u32; 0u32; 0u32; 0u32; 0u32; 0u32; 0u32; 0u32; 0u32; 0u32; 0u32; 0u32; 0u32; 0u32; 0u32; 0u32; 0u32; 0u32; 0u32; 0u32; 0u32; 0u32; 0u32; 0u32; 0u32; 0u32; 0u32; 0u32; 0u32; 0u32; 0u32; 0u32; 0u32; 0u32; 0u32; 0u32; 0u32; 0u32; 0u32; 0u32; 0u32; 0u32; 0u32; 0u32; 0u32; 0u32; 0u32; 0u32; 0u32; 0u32; 0u32; 0u32; 0u32; 0u32; 0u32; 0u32; 0u32; 0u32; 0u32; 0u32; 0u32; 0u32; 0u32; 0u32; 0u32; 0u32; 0u32; 0u32; 0u32; 0u32; 0u32; 0u32; 0u32; 0u32; 0u32; 0u32; 0u32; 0u32; 0u32; 0u32; 0u32; 0u32; 0u32; 0u32; 0u32; 0u32; 0u32; 0u32; 0u32; 0u32; 0u32; 0u32; 0u32; 0u32; 0u32; 0u32; 0u32; 0u32; 0u32; 0u32; 0u32; 0u32; 0u32; 0u32; 0u32; 0u32; 0u32; 0u32; 0u32; 0u32; 0u32; 0u32; 0u32; 0u32; 0u32; 0u32; 0u32; 0u32; 0u32; 0u32; 0u32; 0u32; 0u32; 0u32; 0u32; 0u32; 0u32; 0u32; 0u32; 0u32; 0u32; 0u32; 0u32; 0u32; 0u32; 0u32; 0u32; 0u32; 0u32; 0u32; 0u32; 0u32; 0u32; 0u32; 0u32; 0u32; 0u32; 0u32; 0u32; 0u32; 0u32; 0u32; 0u32; 0u32; 0u32; 0u32; 0u32; 0u32; 0u32; 0u32; 0u32; 0u32; 0u32; 0u32; 0u32; 0u32; 0u32; 0u32; 0u32; 0u32; 0u32; 0u32; 0u32; 0u32; 0u32; 0u32; 0u32; 0u32; 0u32; 0u32; 0u32; 0u32; 0u32; 0u32; 0u32; 0u32; 0u32; 0u32; 0u32; 0u32; 0u32; 0u32; 0u32; 0u32; 0u32; 0u32; 0u32; 0u32; 0u32; 0u32; 0u32; 0u32; 0u32; 0u32; 0u32; 0u32; 0u32; 0u32; 0u32; 0u32; 0u32; 0u32; 0u32; 0u32; 0u32; 0u32; 0u32; 0u32; 0u32; 0u32; 0u32; 0u32; 0u32; 0u32; 0u32; 0u32; 0u32; 0u32; 0u32; 0u32; 0u32; 0u32; 0u32; 0u32; 0u32; 0u32; 0u32; 0u32; 0u32; 0u32; 0u32; 0u32; 0u32; 0u32; 0u32; 0u32; 0u32; 0u32; 0u32; 0u32; 0u32; 0u32; 0u32; 0u32; 0u32; 0u32; 0u32; 0u32; 0u32; 0u32; 0u32; 0u32; 0u32; 0u32; 0u32; 0u32; 0u32; 0u32; 0u32; 0u32; 0u32; 0u32; 0u32; 0u32; 0u32; 0u32; 0u32; 0u32; 0u32; 0u32; 0u32; 0u32; 0u32; 0u32; 0u32; 0u32; 0u32; 0u32; 0u32; 0u32; 0u32; 0u32; 0u32; 0u32; 0u32; 0u32; 0u32; 0u32; 0u32; 0u32; 0u32; 0u32; 0u32; 0u32; 0u32; 0u32; 0u32; 0u32; 0u32; 0u32; 0u32; 0u32; 0u32; 0u32; 0u32; 0u32; 0u32; 0u32; 0u32; 0u32; 0u32; 0u32; 0u32; 0u32; 0u32; 0u32; 0u32; 0u32; 0u32; 0u32; 0u32; 0u32; 0u32; 0u32; 0u32; 0u32; 0u32; 0u32; 0u32; 0u32; 0u32; 0u32; 0u32; 0u32; 0u32; 0u32; 0u32; 0u32; 0u32; 0u32; 0u32; 0u32; 0u32; 0u32; 0u32; 0u32; 0u32; 0u32; 0u32; 0u32; 0u32; 0u32; 0u32; 0u32; 0u32; 0u32; 0u32; 0u32; 0u32; 0u32; 0u32; 0u32; 0u32; 0u32; 0u32; 0u32; 0u32; 0u32; 0u32; 0u32; 0u32; 0u32; 0u32; 0u32; 0u32; 0u32; 0u32; 0u32; 0u32; 0u32; 0u32; 0u32; 0u32; 0u32; 0u32; 0u32; 0u32; 0u32; 0u32; 0u32; 0u32; 0u32; 0u32; 0u32; 0u32; 0u32; 0u32; 0u32; 0u32; 0u32; 0u32; 0u32; 0u32; 0u32; 0u32; 0u32; 0u32; 0u32; 0u32; 0u32; 0u32; 0u32; 0u32; 0u32; 0u32; 0u32; 0u32; 0u32; 0u32; 0u32; 0u32; 0u32; 0u32; 0u32; 0u32; 0u32; 0u32; 0u32; 0u32; 0u32; 0u32; 0u32; 0u32; 0u32; 0u32; 0u32; 0u32; 0u32; 0u32; 0u32; 0u32; 0u32; 0u32; 0u32; 0u32; 0u32; 0u32; 0u32; 0u32; 0u32; 0u32; 0u32; 0u32; 0u32; 0u32; 0u32; 0u32; 0u32; 0u32; 0u32; 0u32; 0u32; 0u32; 0u32; 0u32; 0u32; 0u32; 0u32; 0u32; 0u32; 0u32; 0u32; 0u32; 0u32; 0u32; 0u32; 0u32; 0u32; 0u32; 0u32; 0u32; 0u32; 0u32; 0u32; 0u32; 0u32; 0u32; 0u32; 0u32; 0u32; 0u32; 0u32; 0u32; 0u32; 0u32; 0u32; 0u32; 0u32; 0u32; 0u32; 0u32; 0u32; 0u32; 0u32; 0u32; 0u32; 0u32; 0u32; 0u32; 0u32; 0u32; 0u32; 0u32; 0u32; 0u32; 0u32; 0u32; 0u32; 0u32; 0u32; 0u32; 0u32; 0u32; 0u32; 0u32; 0u32; 0u32; 0u32; 0u32; 0u32; 0u32; 0u32; 0u32; 0u32; 0u32; 0u32; 0u32; 0u32; 0u32; 0u32; 0u32; 0u32; 0u32; 0u32; 0u32; 0u32; 0u32; 0u32; 0u32; 0u32; 0u32; 0u32; 0u32; 0u32; 0u32; 0u32; 0u32; 0u32; 0u32; 0u32; 0u32; 0u32; 0u32; 0u32; 0u32; 0u32; 0u32; 0u32]
    rtt_measurement(2) : [0u32; 0u32; 0u32; 0u32; 0u32; 0u32; 0u32; 0u32; 0u32; 0u32; 0u32; 0u32; 0u32; 0u32; 0u32; 0u32; 0u32; 0u32; 0u32; 0u32; 0u32; 0u32; 0u32; 0u32; 0u32; 0u32; 0u32; 0u32; 0u32; 0u32; 0u32; 0u32; 0u32; 0u32; 0u32; 0u32; 0u32; 0u32; 0u32; 0u32; 0u32; 0u32; 0u32; 0u32; 0u32; 0u32; 0u32; 0u32; 0u32; 0u32; 0u32; 0u32; 0u32; 0u32; 0u32; 0u32; 0u32; 0u32; 0u32; 0u32; 0u32; 0u32; 0u32; 0u32; 0u32; 0u32; 0u32; 0u32; 0u32; 0u32; 0u32; 0u32; 0u32; 0u32; 0u32; 0u32; 0u32; 0u32; 0u32; 0u32; 0u32; 0u32; 0u32; 0u32; 0u32; 0u32; 0u32; 0u32; 0u32; 0u32; 0u32; 0u32; 0u32; 0u32; 0u32; 0u32; 0u32; 0u32; 0u32; 0u32; 0u32; 0u32; 0u32; 0u32; 0u32; 0u32; 0u32; 0u32; 0u32; 0u32; 0u32; 0u32; 0u32; 0u32; 0u32; 0u32; 0u32; 0u32; 0u32; 0u32; 0u32; 0u32; 0u32; 0u32; 0u32; 0u32; 0u32; 0u32; 0u32; 0u32; 0u32; 0u32; 0u32; 0u32; 0u32; 0u32; 0u32; 0u32; 0u32; 0u32; 0u32; 0u32; 0u32; 0u32; 0u32; 0u32; 0u32; 0u32; 0u32; 0u32; 0u32; 0u32; 0u32; 0u32; 0u32; 0u32; 0u32; 0u32; 0u32; 0u32; 0u32; 0u32; 0u32; 0u32; 0u32; 0u32; 0u32; 0u32; 0u32; 0u32; 0u32; 0u32; 0u32; 0u32; 0u32; 0u32; 0u32; 0u32; 0u32; 0u32; 0u32; 0u32; 0u32; 0u32; 0u32; 0u32; 0u32; 0u32; 0u32; 0u32; 0u32; 0u32; 0u32; 0u32; 0u32; 0u32; 0u32; 0u32; 0u32; 0u32; 0u32; 0u32; 0u32; 0u32; 0u32; 0u32; 0u32; 0u32; 0u32; 0u32; 0u32; 0u32; 0u32; 0u32; 0u32; 0u32; 0u32; 0u32; 0u32; 0u32; 0u32; 0u32; 0u32; 0u32; 0u32; 0u32; 0u32; 0u32; 0u32; 0u32; 0u32; 0u32; 0u32; 0u32; 0u32; 0u32; 0u32; 0u32; 0u32; 0u32; 0u32; 0u32; 0u32; 0u32; 0u32; 0u32; 0u32; 0u32; 0u32; 0u32; 0u32; 0u32; 0u32; 0u32; 0u32; 0u32; 0u32; 0u32; 0u32; 0u32; 0u32; 0u32; 0u32; 0u32; 0u32; 0u32; 0u32; 0u32; 0u32; 0u32; 0u32; 0u32; 0u32; 0u32; 0u32; 0u32; 0u32; 0u32; 0u32; 0u32; 0u32; 0u32; 0u32; 0u32; 0u32; 0u32; 0u32; 0u32; 0u32; 0u32; 0u32; 0u32; 0u32; 0u32; 0u32; 0u32; 0u32; 0u32; 0u32; 0u32; 0u32; 0u32; 0u32; 0u32; 0u32; 0u32; 0u32; 0u32; 0u32; 0u32; 0u32; 0u32; 0u32; 0u32; 0u32; 0u32; 0u32; 0u32; 0u32; 0u32; 0u32; 0u32; 0u32; 0u32; 0u32; 0u32; 0u32; 0u32; 0u32; 0u32; 0u32; 0u32; 0u32; 0u32; 0u32; 0u32; 0u32; 0u32; 0u32; 0u32; 0u32; 0u32; 0u32; 0u32; 0u32; 0u32; 0u32; 0u32; 0u32; 0u32; 0u32; 0u32; 0u32; 0u32; 0u32; 0u32; 0u32; 0u32; 0u32; 0u32; 0u32; 0u32; 0u32; 0u32; 0u32; 0u32; 0u32; 0u32; 0u32; 0u32; 0u32; 0u32; 0u32; 0u32; 0u32; 0u32; 0u32; 0u32; 0u32; 0u32; 0u32; 0u32; 0u32; 0u32; 0u32; 0u32; 0u32; 0u32; 0u32; 0u32; 0u32; 0u32; 0u32; 0u32; 0u32; 0u32; 0u32; 0u32; 0u32; 0u32; 0u32; 0u32; 0u32; 0u32; 0u32; 0u32; 0u32; 0u32; 0u32; 0u32; 0u32; 0u32; 0u32; 0u32; 0u32; 0u32; 0u32; 0u32; 0u32; 0u32; 0u32; 0u32; 0u32; 0u32; 0u32; 0u32; 0u32; 0u32; 0u32; 0u32; 0u32; 0u32; 0u32; 0u32; 0u32; 0u32; 0u32; 0u32; 0u32; 0u32; 0u32; 0u32; 0u32; 0u32; 0u32; 0u32; 0u32; 0u32; 0u32; 0u32; 0u32; 0u32; 0u32; 0u32; 0u32; 0u32; 0u32; 0u32; 0u32; 0u32; 0u32; 0u32; 0u32; 0u32; 0u32; 0u32; 0u32; 0u32; 0u32; 0u32; 0u32; 0u32; 0u32; 0u32; 0u32; 0u32; 0u32; 0u32; 0u32; 0u32; 0u32; 0u32; 0u32; 0u32; 0u32; 0u32; 0u32; 0u32; 0u32; 0u32; 0u32; 0u32; 0u32; 0u32; 0u32; 0u32; 0u32; 0u32; 0u32; 0u32; 0u32; 0u32; 0u32; 0u32; 0u32; 0u32; 0u32; 0u32; 0u32; 0u32; 0u32; 0u32; 0u32; 0u32; 0u32; 0u32; 0u32; 0u32; 0u32; 0u32; 0u32; 0u32; 0u32; 0u32; 0u32; 0u32; 0u32; 0u32; 0u32; 0u32; 0u32; 0u32; 0u32; 0u32; 0u32; 0u32; 0u32; 0u32; 0u32; 0u32; 0u32; 0u32; 0u32; 0u32; 0u32; 0u32; 0u32; 0u32; 0u32; 0u32; 0u32; 0u32; 0u32; 0u32; 0u32; 0u32; 0u32; 0u32; 0u32; 0u32; 0u32; 0u32; 0u32; 0u32; 0u32; 0u32; 0u32; 0u32; 0u32; 0u32; 0u32; 0u32; 0u32; 0u32; 0u32; 0u32; 0u32; 0u32; 0u32; 0u32; 0u32; 0u32; 0u32; 0u32; 0u32; 0u32; 0u32; 0u32; 0u32; 0u32; 0u32; 0u32; 0u32; 0u32; 0u32; 0u32; 0u32; 0u32; 0u32; 0u32; 0u32; 0u32; 0u32; 0u32; 0u32; 0u32; 0u32; 0u32; 0u32; 0u32; 0u32; 0u32; 0u32; 0u32; 0u32; 0u32; 0u32; 0u32; 0u32; 0u32; 0u32; 0u32; 0u32; 0u32; 0u32; 0u32; 0u32; 0u32; 0u32; 0u32; 0u32; 0u32; 0u32; 0u32; 0u32; 0u32; 0u32; 0u32; 0u32; 0u32; 0u32; 0u32; 0u32; 0u32; 0u32; 0u32; 0u32; 0u32; 0u32; 0u32; 0u32; 0u32; 0u32; 0u32; 0u32; 0u32; 0u32; 0u32; 0u32; 0u32; 0u32; 0u32; 0u32; 0u32; 0u32; 0u32; 0u32; 0u32; 0u32; 0u32; 0u32; 0u32; 0u32; 0u32; 0u32; 0u32; 0u32; 0u32; 0u32; 0u32; 0u32; 0u32; 0u32; 0u32; 0u32; 0u32; 0u32; 0u32; 0u32; 0u32; 0u32; 0u32; 0u32; 0u32; 0u32; 0u32; 0u32; 0u32; 0u32; 0u32; 0u32; 0u32; 0u32; 0u32; 0u32; 0u32; 0u32; 0u32; 0u32; 0u32; 0u32; 0u32; 0u32; 0u32; 0u32; 0u32; 0u32; 0u32; 0u32; 0u32; 0u32; 0u32; 0u32; 0u32; 0u32; 0u32; 0u32; 0u32; 0u32; 0u32; 0u32; 0u32; 0u32; 0u32; 0u32; 0u32; 0u32; 0u32; 0u32; 0u32; 0u32; 0u32; 0u32; 0u32; 0u32; 0u32; 0u32; 0u32; 0u32; 0u32; 0u32; 0u32; 0u32; 0u32; 0u32; 0u32; 0u32; 0u32; 0u32; 0u32; 0u32; 0u32; 0u32; 0u32; 0u32; 0u32; 0u32; 0u32; 0u32; 0u32; 0u32; 0u32; 0u32; 0u32; 0u32; 0u32; 0u32; 0u32; 0u32; 0u32; 0u32; 0u32; 0u32; 0u32; 0u32; 0u32; 0u32; 0u32; 0u32; 0u32; 0u32; 0u32; 0u32; 0u32; 0u32; 0u32; 0u32; 0u32; 0u32; 0u32; 0u32; 0u32; 0u32; 0u32; 0u32; 0u32; 0u32; 0u32; 0u32; 0u32; 0u32; 0u32; 0u32; 0u32; 0u32; 0u32; 0u32; 0u32; 0u32; 0u32; 0u32; 0u32; 0u32; 0u32; 0u32; 0u32; 0u32; 0u32; 0u32; 0u32; 0u32; 0u32; 0u32; 0u32; 0u32; 0u32; 0u32; 0u32; 0u32; 0u32; 0u32; 0u32; 0u32; 0u32; 0u32; 0u32; 0u32; 0u32; 0u32; 0u32; 0u32; 0u32; 0u32; 0u32; 0u32; 0u32; 0u32; 0u32; 0u32; 0u32; 0u32; 0u32; 0u32; 0u32; 0u32; 0u32; 0u32; 0u32; 0u32; 0u32; 0u32; 0u32; 0u32; 0u32; 0u32; 0u32; 0u32; 0u32; 0u32; 0u32; 0u32; 0u32; 0u32; 0u32; 0u32; 0u32; 0u32; 0u32; 0u32; 0u32; 0u32; 0u32; 0u32; 0u32; 0u32; 0u32; 0u32; 0u32; 0u32; 0u32; 0u32; 0u32; 0u32; 0u32; 0u32; 0u32; 0u32; 0u32; 0u32; 0u32; 0u32; 0u32; 0u32; 0u32; 0u32; 0u32; 0u32; 0u32; 0u32; 0u32; 0u32; 0u32; 0u32; 0u32; 0u32; 0u32; 0u32; 0u32; 0u32; 0u32; 0u32; 0u32; 0u32; 0u32; 0u32; 0u32; 0u32; 0u32; 0u32; 0u32; 0u32; 0u32; 0u32; 0u32; 0u32; 0u32; 0u32; 0u32; 0u32; 0u32; 0u32; 0u32; 0u32; 0u32; 0u32; 0u32; 0u32; 0u32; 0u32; 0u32; 0u32; 0u32; 0u32; 0u32; 0u32; 0u32; 0u32; 0u32; 0u32; 0u32; 0u32; 0u32; 0u32; 0u32; 0u32; 0u32; 0u32; 0u32; 0u32; 0u32; 0u32; 0u32; 0u32; 0u32; 0u32; 0u32; 0u32; 0u32; 0u32; 0u32; 0u32; 0u32; 0u32; 0u32; 0u32; 0u32; 0u32; 0u32; 0u32; 0u32; 0u32; 0u32; 0u32; 0u32; 0u32; 0u32; 0u32; 0u32; 0u32; 0u32; 0u32; 0u32; 0u32; 0u32; 0u32; 0u32; 0u32; 0u32; 0u32; 0u32; 0u32; 0u32; 0u32; 0u32]
  ]

 Events :   [ ]

 Exits :    [ ]

 Drops :    [ ]

 packet events handled: 0
 total events handled: 31

}
