dpt: Auto-detected specification file examples/interp_tests/return_test.json
dpt: Simulating...
dpt: Using random seed: 0

t=0: Handling event in(true,true,true) at switch 0, port 0
t=600: Handling event out(true,true,true) at switch 0, port 196
t=10000: Handling event in(true,true,false) at switch 0, port 0
t=20000: Handling event in(true,false,true) at switch 0, port 0
t=30000: Handling event in(true,false,false) at switch 0, port 0
t=40000: Handling event in(false,true,true) at switch 0, port 0
t=40600: Handling event out(false,true,true) at switch 0, port 196
t=50000: Handling event in(false,true,false) at switch 0, port 0
t=60000: Handling event in(false,false,true) at switch 0, port 0
t=70000: Handling event in(false,false,false) at switch 0, port 0
dpt: Final State:

Switch 0 : {

 Pipeline : [
    c1(0) : [4u32]
    c2(1) : [12u32]
  ]

 Events :   [ ]

 Exits :    [ ]

 entry events handled: 0
 total events handled: 10

}
