dpt: Auto-detected symbolic file examples/interp_tests/symbolics0.symb
dpt: Auto-detected specification file examples/interp_tests/symbolics0.json
dpt: Simulating...
dpt: Using random seed: 0

t=0: Handling event in(0) at switch 0, port 0
dpt: Final State:

Switch 0 : {

 Pipeline : [
    arrs_0(0) : [0u16; 0u16; 0u16; 0u16; 0u16]
    arrs_1(1) : [0u16; 3u16; 0u16; 0u16; 0u16]
    arrs_2(2) : [0u16; 0u16; 6u16; 0u16; 0u16]
    arrs_3(3) : [0u16; 0u16; 0u16; 9u16; 0u16]
    arrs_4(4) : [0u16; 0u16; 0u16; 0u16; 12u16]
  ]

 Events :   [ ]

 Exits :    [ ]

 packet events handled: 0
 total events handled: 1

}
