dpt: Auto-detected specification file examples/interp_tests/tables2.json
dpt: Simulating...
dpt: Using random seed: 0

t=0: Handling event do_set(1,101) at switch 0, port 0
hash size arg: 8
[set] index: 1
installing entry for 1 into CACHE at index 1
t=10000: Handling event do_set(257,101) at switch 0, port 0
hash size arg: 8
[set] index: 1
installing entry for 257 into TABLE
t=20000: Handling event do_get(1) at switch 0, port 0
key: 1 result: 101
t=30000: Handling event do_get(257) at switch 0, port 0
key: 257 result: 101
dpt: Final State:

Switch 0 : {

 Pipeline : [
    global_cached_table_0(0) : [0u32; 1u32; 0u32; 0u32; 0u32; 0u32; 0u32; 0u32; 0u32; 0u32; 0u32; 0u32; 0u32; 0u32; 0u32; 0u32; 0u32; 0u32; 0u32; 0u32; 0u32; 0u32; 0u32; 0u32; 0u32; 0u32; 0u32; 0u32; 0u32; 0u32; 0u32; 0u32; 0u32; 0u32; 0u32; 0u32; 0u32; 0u32; 0u32; 0u32; 0u32; 0u32; 0u32; 0u32; 0u32; 0u32; 0u32; 0u32; 0u32; 0u32; 0u32; 0u32; 0u32; 0u32; 0u32; 0u32; 0u32; 0u32; 0u32; 0u32; 0u32; 0u32; 0u32; 0u32; 0u32; 0u32; 0u32; 0u32; 0u32; 0u32; 0u32; 0u32; 0u32; 0u32; 0u32; 0u32; 0u32; 0u32; 0u32; 0u32; 0u32; 0u32; 0u32; 0u32; 0u32; 0u32; 0u32; 0u32; 0u32; 0u32; 0u32; 0u32; 0u32; 0u32; 0u32; 0u32; 0u32; 0u32; 0u32; 0u32; 0u32; 0u32; 0u32; 0u32; 0u32; 0u32; 0u32; 0u32; 0u32; 0u32; 0u32; 0u32; 0u32; 0u32; 0u32; 0u32; 0u32; 0u32; 0u32; 0u32; 0u32; 0u32; 0u32; 0u32; 0u32; 0u32; 0u32; 0u32; 0u32; 0u32; 0u32; 0u32; 0u32; 0u32; 0u32; 0u32; 0u32; 0u32; 0u32; 0u32; 0u32; 0u32; 0u32; 0u32; 0u32; 0u32; 0u32; 0u32; 0u32; 0u32; 0u32; 0u32; 0u32; 0u32; 0u32; 0u32; 0u32; 0u32; 0u32; 0u32; 0u32; 0u32; 0u32; 0u32; 0u32; 0u32; 0u32; 0u32; 0u32; 0u32; 0u32; 0u32; 0u32; 0u32; 0u32; 0u32; 0u32; 0u32; 0u32; 0u32; 0u32; 0u32; 0u32; 0u32; 0u32; 0u32; 0u32; 0u32; 0u32; 0u32; 0u32; 0u32; 0u32; 0u32; 0u32; 0u32; 0u32; 0u32; 0u32; 0u32; 0u32; 0u32; 0u32; 0u32; 0u32; 0u32; 0u32; 0u32; 0u32; 0u32; 0u32; 0u32; 0u32; 0u32; 0u32; 0u32; 0u32; 0u32; 0u32; 0u32; 0u32; 0u32; 0u32; 0u32; 0u32; 0u32; 0u32; 0u32; 0u32; 0u32; 0u32; 0u32; 0u32; 0u32; 0u32; 0u32; 0u32; 0u32; 0u32; 0u32; 0u32; 0u32; 0u32; 0u32; 0u32; 0u32; 0u32; 0u32; 0u32; 0u32; 0u32; 0u32; 0u32; 0u32; 0u32; 0u32]
    global_cached_table_1(1) : [0u32; 101u32; 0u32; 0u32; 0u32; 0u32; 0u32; 0u32; 0u32; 0u32; 0u32; 0u32; 0u32; 0u32; 0u32; 0u32; 0u32; 0u32; 0u32; 0u32; 0u32; 0u32; 0u32; 0u32; 0u32; 0u32; 0u32; 0u32; 0u32; 0u32; 0u32; 0u32; 0u32; 0u32; 0u32; 0u32; 0u32; 0u32; 0u32; 0u32; 0u32; 0u32; 0u32; 0u32; 0u32; 0u32; 0u32; 0u32; 0u32; 0u32; 0u32; 0u32; 0u32; 0u32; 0u32; 0u32; 0u32; 0u32; 0u32; 0u32; 0u32; 0u32; 0u32; 0u32; 0u32; 0u32; 0u32; 0u32; 0u32; 0u32; 0u32; 0u32; 0u32; 0u32; 0u32; 0u32; 0u32; 0u32; 0u32; 0u32; 0u32; 0u32; 0u32; 0u32; 0u32; 0u32; 0u32; 0u32; 0u32; 0u32; 0u32; 0u32; 0u32; 0u32; 0u32; 0u32; 0u32; 0u32; 0u32; 0u32; 0u32; 0u32; 0u32; 0u32; 0u32; 0u32; 0u32; 0u32; 0u32; 0u32; 0u32; 0u32; 0u32; 0u32; 0u32; 0u32; 0u32; 0u32; 0u32; 0u32; 0u32; 0u32; 0u32; 0u32; 0u32; 0u32; 0u32; 0u32; 0u32; 0u32; 0u32; 0u32; 0u32; 0u32; 0u32; 0u32; 0u32; 0u32; 0u32; 0u32; 0u32; 0u32; 0u32; 0u32; 0u32; 0u32; 0u32; 0u32; 0u32; 0u32; 0u32; 0u32; 0u32; 0u32; 0u32; 0u32; 0u32; 0u32; 0u32; 0u32; 0u32; 0u32; 0u32; 0u32; 0u32; 0u32; 0u32; 0u32; 0u32; 0u32; 0u32; 0u32; 0u32; 0u32; 0u32; 0u32; 0u32; 0u32; 0u32; 0u32; 0u32; 0u32; 0u32; 0u32; 0u32; 0u32; 0u32; 0u32; 0u32; 0u32; 0u32; 0u32; 0u32; 0u32; 0u32; 0u32; 0u32; 0u32; 0u32; 0u32; 0u32; 0u32; 0u32; 0u32; 0u32; 0u32; 0u32; 0u32; 0u32; 0u32; 0u32; 0u32; 0u32; 0u32; 0u32; 0u32; 0u32; 0u32; 0u32; 0u32; 0u32; 0u32; 0u32; 0u32; 0u32; 0u32; 0u32; 0u32; 0u32; 0u32; 0u32; 0u32; 0u32; 0u32; 0u32; 0u32; 0u32; 0u32; 0u32; 0u32; 0u32; 0u32; 0u32; 0u32; 0u32; 0u32; 0u32; 0u32; 0u32; 0u32; 0u32; 0u32; 0u32; 0u32; 0u32; 0u32]
    global_cached_table_2(2) : Table [...]
  ]

 Events :   [ ]

 Exits :    [ ]

 packet events handled: 0
 total events handled: 4

}
Switch 1 : {

 Pipeline : [
    global_cached_table_0(0) : [0u32; 0u32; 0u32; 0u32; 0u32; 0u32; 0u32; 0u32; 0u32; 0u32; 0u32; 0u32; 0u32; 0u32; 0u32; 0u32; 0u32; 0u32; 0u32; 0u32; 0u32; 0u32; 0u32; 0u32; 0u32; 0u32; 0u32; 0u32; 0u32; 0u32; 0u32; 0u32; 0u32; 0u32; 0u32; 0u32; 0u32; 0u32; 0u32; 0u32; 0u32; 0u32; 0u32; 0u32; 0u32; 0u32; 0u32; 0u32; 0u32; 0u32; 0u32; 0u32; 0u32; 0u32; 0u32; 0u32; 0u32; 0u32; 0u32; 0u32; 0u32; 0u32; 0u32; 0u32; 0u32; 0u32; 0u32; 0u32; 0u32; 0u32; 0u32; 0u32; 0u32; 0u32; 0u32; 0u32; 0u32; 0u32; 0u32; 0u32; 0u32; 0u32; 0u32; 0u32; 0u32; 0u32; 0u32; 0u32; 0u32; 0u32; 0u32; 0u32; 0u32; 0u32; 0u32; 0u32; 0u32; 0u32; 0u32; 0u32; 0u32; 0u32; 0u32; 0u32; 0u32; 0u32; 0u32; 0u32; 0u32; 0u32; 0u32; 0u32; 0u32; 0u32; 0u32; 0u32; 0u32; 0u32; 0u32; 0u32; 0u32; 0u32; 0u32; 0u32; 0u32; 0u32; 0u32; 0u32; 0u32; 0u32; 0u32; 0u32; 0u32; 0u32; 0u32; 0u32; 0u32; 0u32; 0u32; 0u32; 0u32; 0u32; 0u32; 0u32; 0u32; 0u32; 0u32; 0u32; 0u32; 0u32; 0u32; 0u32; 0u32; 0u32; 0u32; 0u32; 0u32; 0u32; 0u32; 0u32; 0u32; 0u32; 0u32; 0u32; 0u32; 0u32; 0u32; 0u32; 0u32; 0u32; 0u32; 0u32; 0u32; 0u32; 0u32; 0u32; 0u32; 0u32; 0u32; 0u32; 0u32; 0u32; 0u32; 0u32; 0u32; 0u32; 0u32; 0u32; 0u32; 0u32; 0u32; 0u32; 0u32; 0u32; 0u32; 0u32; 0u32; 0u32; 0u32; 0u32; 0u32; 0u32; 0u32; 0u32; 0u32; 0u32; 0u32; 0u32; 0u32; 0u32; 0u32; 0u32; 0u32; 0u32; 0u32; 0u32; 0u32; 0u32; 0u32; 0u32; 0u32; 0u32; 0u32; 0u32; 0u32; 0u32; 0u32; 0u32; 0u32; 0u32; 0u32; 0u32; 0u32; 0u32; 0u32; 0u32; 0u32; 0u32; 0u32; 0u32; 0u32; 0u32; 0u32; 0u32; 0u32; 0u32; 0u32; 0u32; 0u32; 0u32; 0u32; 0u32; 0u32; 0u32; 0u32; 0u32]
    global_cached_table_1(1) : [0u32; 0u32; 0u32; 0u32; 0u32; 0u32; 0u32; 0u32; 0u32; 0u32; 0u32; 0u32; 0u32; 0u32; 0u32; 0u32; 0u32; 0u32; 0u32; 0u32; 0u32; 0u32; 0u32; 0u32; 0u32; 0u32; 0u32; 0u32; 0u32; 0u32; 0u32; 0u32; 0u32; 0u32; 0u32; 0u32; 0u32; 0u32; 0u32; 0u32; 0u32; 0u32; 0u32; 0u32; 0u32; 0u32; 0u32; 0u32; 0u32; 0u32; 0u32; 0u32; 0u32; 0u32; 0u32; 0u32; 0u32; 0u32; 0u32; 0u32; 0u32; 0u32; 0u32; 0u32; 0u32; 0u32; 0u32; 0u32; 0u32; 0u32; 0u32; 0u32; 0u32; 0u32; 0u32; 0u32; 0u32; 0u32; 0u32; 0u32; 0u32; 0u32; 0u32; 0u32; 0u32; 0u32; 0u32; 0u32; 0u32; 0u32; 0u32; 0u32; 0u32; 0u32; 0u32; 0u32; 0u32; 0u32; 0u32; 0u32; 0u32; 0u32; 0u32; 0u32; 0u32; 0u32; 0u32; 0u32; 0u32; 0u32; 0u32; 0u32; 0u32; 0u32; 0u32; 0u32; 0u32; 0u32; 0u32; 0u32; 0u32; 0u32; 0u32; 0u32; 0u32; 0u32; 0u32; 0u32; 0u32; 0u32; 0u32; 0u32; 0u32; 0u32; 0u32; 0u32; 0u32; 0u32; 0u32; 0u32; 0u32; 0u32; 0u32; 0u32; 0u32; 0u32; 0u32; 0u32; 0u32; 0u32; 0u32; 0u32; 0u32; 0u32; 0u32; 0u32; 0u32; 0u32; 0u32; 0u32; 0u32; 0u32; 0u32; 0u32; 0u32; 0u32; 0u32; 0u32; 0u32; 0u32; 0u32; 0u32; 0u32; 0u32; 0u32; 0u32; 0u32; 0u32; 0u32; 0u32; 0u32; 0u32; 0u32; 0u32; 0u32; 0u32; 0u32; 0u32; 0u32; 0u32; 0u32; 0u32; 0u32; 0u32; 0u32; 0u32; 0u32; 0u32; 0u32; 0u32; 0u32; 0u32; 0u32; 0u32; 0u32; 0u32; 0u32; 0u32; 0u32; 0u32; 0u32; 0u32; 0u32; 0u32; 0u32; 0u32; 0u32; 0u32; 0u32; 0u32; 0u32; 0u32; 0u32; 0u32; 0u32; 0u32; 0u32; 0u32; 0u32; 0u32; 0u32; 0u32; 0u32; 0u32; 0u32; 0u32; 0u32; 0u32; 0u32; 0u32; 0u32; 0u32; 0u32; 0u32; 0u32; 0u32; 0u32; 0u32; 0u32; 0u32; 0u32; 0u32; 0u32; 0u32; 0u32; 0u32]
    global_cached_table_2(2) : Table [...]
  ]

 Events :   [ ]

 Exits :    [ ]

 packet events handled: 0
 total events handled: 0

}
